[2025-05-17 11:31:48,656: INFO: main: >>>>>> stage Data Ingestion stage started <<<<<<]
[2025-05-17 11:31:48,657: INFO: common: yaml file: config\config.yaml loaded successfully]
[2025-05-17 11:31:48,658: INFO: common: yaml file: params.yaml loaded successfully]
[2025-05-17 11:31:48,658: ERROR: main: yaml file is empty]
Traceback (most recent call last):
  File "e:\aneesha\gen ai\sourcecode\end to end ml project\src\mlProject\utils\common.py", line 32, in read_yaml
    return ConfigBox(content)
  File "box\box.py", line 259, in box.box.Box.__init__
box.exceptions.BoxValueError: First argument must be mapping or iterable

During handling of the above exception, another exception occurred:

Traceback (most recent call last):
  File "E:\Aneesha\Gen AI\SourceCode\End To End ML Project\main.py", line 9, in <module>
    data_ingestion.main()
  File "e:\aneesha\gen ai\sourcecode\end to end ml project\src\mlProject\pipeline\stage_01_data_ingestion.py", line 14, in main
    config = ConfigurationManager()
  File "e:\aneesha\gen ai\sourcecode\end to end ml project\src\mlProject\config\configuration.py", line 14, in __init__
    self.params = read_yaml(params_filepath)
  File "E:\Aneesha\Gen AI\SourceCode\End To End ML Project\.venv\lib\site-packages\ensure\main.py", line 849, in __call__
    return_val = self.f(*args, **kwargs)
  File "e:\aneesha\gen ai\sourcecode\end to end ml project\src\mlProject\utils\common.py", line 34, in read_yaml
    raise ValueError("yaml file is empty")
ValueError: yaml file is empty
[2025-05-17 11:32:30,141: INFO: main: >>>>>> stage Data Ingestion stage started <<<<<<]
[2025-05-17 11:32:30,143: INFO: common: yaml file: config\config.yaml loaded successfully]
[2025-05-17 11:32:30,143: INFO: common: yaml file: params.yaml loaded successfully]
[2025-05-17 11:32:30,143: ERROR: main: yaml file is empty]
Traceback (most recent call last):
  File "e:\aneesha\gen ai\sourcecode\end to end ml project\src\mlProject\utils\common.py", line 32, in read_yaml
    return ConfigBox(content)
  File "box\box.py", line 259, in box.box.Box.__init__
box.exceptions.BoxValueError: First argument must be mapping or iterable

During handling of the above exception, another exception occurred:

Traceback (most recent call last):
  File "E:\Aneesha\Gen AI\SourceCode\End To End ML Project\main.py", line 9, in <module>
    data_ingestion.main()
  File "e:\aneesha\gen ai\sourcecode\end to end ml project\src\mlProject\pipeline\stage_01_data_ingestion.py", line 14, in main
    config = ConfigurationManager()
  File "e:\aneesha\gen ai\sourcecode\end to end ml project\src\mlProject\config\configuration.py", line 14, in __init__
    self.params = read_yaml(params_filepath)
  File "E:\Aneesha\Gen AI\SourceCode\End To End ML Project\.venv\lib\site-packages\ensure\main.py", line 849, in __call__
    return_val = self.f(*args, **kwargs)
  File "e:\aneesha\gen ai\sourcecode\end to end ml project\src\mlProject\utils\common.py", line 34, in read_yaml
    raise ValueError("yaml file is empty")
ValueError: yaml file is empty
[2025-05-17 11:32:46,680: INFO: main: >>>>>> stage Data Ingestion stage started <<<<<<]
[2025-05-17 11:32:46,681: INFO: common: yaml file: config\config.yaml loaded successfully]
[2025-05-17 11:32:46,682: INFO: common: yaml file: params.yaml loaded successfully]
[2025-05-17 11:32:46,682: ERROR: main: yaml file is empty]
Traceback (most recent call last):
  File "e:\aneesha\gen ai\sourcecode\end to end ml project\src\mlProject\utils\common.py", line 32, in read_yaml
    return ConfigBox(content)
  File "box\box.py", line 247, in box.box.Box.__init__
box.exceptions.BoxValueError: Cannot extrapolate Box from string

During handling of the above exception, another exception occurred:

Traceback (most recent call last):
  File "E:\Aneesha\Gen AI\SourceCode\End To End ML Project\main.py", line 9, in <module>
    data_ingestion.main()
  File "e:\aneesha\gen ai\sourcecode\end to end ml project\src\mlProject\pipeline\stage_01_data_ingestion.py", line 14, in main
    config = ConfigurationManager()
  File "e:\aneesha\gen ai\sourcecode\end to end ml project\src\mlProject\config\configuration.py", line 14, in __init__
    self.params = read_yaml(params_filepath)
  File "E:\Aneesha\Gen AI\SourceCode\End To End ML Project\.venv\lib\site-packages\ensure\main.py", line 849, in __call__
    return_val = self.f(*args, **kwargs)
  File "e:\aneesha\gen ai\sourcecode\end to end ml project\src\mlProject\utils\common.py", line 34, in read_yaml
    raise ValueError("yaml file is empty")
ValueError: yaml file is empty
[2025-05-17 11:33:20,648: INFO: main: >>>>>> stage Data Ingestion stage started <<<<<<]
[2025-05-17 11:33:20,649: INFO: common: yaml file: config\config.yaml loaded successfully]
[2025-05-17 11:33:20,649: INFO: common: yaml file: params.yaml loaded successfully]
[2025-05-17 11:33:20,651: INFO: common: yaml file: schema.yaml loaded successfully]
[2025-05-17 11:33:20,652: INFO: common: created directory at: artifacts]
[2025-05-17 11:33:20,652: INFO: common: created directory at: artifacts/data_ingestion]
[2025-05-17 11:33:21,847: INFO: data_ingestion: artifacts/data_ingestion/data.zip download! with following info: 
Connection: close
Content-Length: 23329
Cache-Control: max-age=300
Content-Security-Policy: default-src 'none'; style-src 'unsafe-inline'; sandbox
Content-Type: application/zip
ETag: "c69888a4ae59bc5a893392785a938ccd4937981c06ba8a9d6a21aa52b4ab5b6e"
Strict-Transport-Security: max-age=31536000
X-Content-Type-Options: nosniff
X-Frame-Options: deny
X-XSS-Protection: 1; mode=block
X-GitHub-Request-Id: 82D3:337BF7:493903:5B9ECA:68283BC1
Accept-Ranges: bytes
Date: Sat, 17 May 2025 07:33:21 GMT
Via: 1.1 varnish
X-Served-By: cache-fjr990024-FJR
X-Cache: MISS
X-Cache-Hits: 0
X-Timer: S1747467201.475354,VS0,VE379
Vary: Authorization,Accept-Encoding,Origin
Access-Control-Allow-Origin: *
Cross-Origin-Resource-Policy: cross-origin
X-Fastly-Request-ID: 14c35c940e3aeb41165302d4a34bd7c29af1a0d9
Expires: Sat, 17 May 2025 07:38:21 GMT
Source-Age: 0

]
[2025-05-17 11:33:21,852: INFO: main: >>>>>> stage Data Ingestion stage completed <<<<<<

x==========x]
[2025-05-17 11:54:31,815: INFO: main: >>>>>> stage Data Ingestion stage started <<<<<<]
[2025-05-17 11:54:31,817: INFO: common: yaml file: config\config.yaml loaded successfully]
[2025-05-17 11:54:31,817: INFO: common: yaml file: params.yaml loaded successfully]
[2025-05-17 11:54:31,819: INFO: common: yaml file: schema.yaml loaded successfully]
[2025-05-17 11:54:31,820: INFO: common: created directory at: artifacts]
[2025-05-17 11:54:31,865: INFO: common: created directory at: artifacts/data_ingestion]
[2025-05-17 11:54:32,993: INFO: data_ingestion: artifacts/data_ingestion/data.zip download! with following info: 
Connection: close
Content-Length: 23329
Cache-Control: max-age=300
Content-Security-Policy: default-src 'none'; style-src 'unsafe-inline'; sandbox
Content-Type: application/zip
ETag: "c69888a4ae59bc5a893392785a938ccd4937981c06ba8a9d6a21aa52b4ab5b6e"
Strict-Transport-Security: max-age=31536000
X-Content-Type-Options: nosniff
X-Frame-Options: deny
X-XSS-Protection: 1; mode=block
X-GitHub-Request-Id: 82D3:337BF7:493903:5B9ECA:68283BC1
Accept-Ranges: bytes
Date: Sat, 17 May 2025 07:54:33 GMT
Via: 1.1 varnish
X-Served-By: cache-fjr990025-FJR
X-Cache: HIT
X-Cache-Hits: 0
X-Timer: S1747468473.615799,VS0,VE388
Vary: Authorization,Accept-Encoding,Origin
Access-Control-Allow-Origin: *
Cross-Origin-Resource-Policy: cross-origin
X-Fastly-Request-ID: 21035f0791357184e34f047885bc45d586d0287f
Expires: Sat, 17 May 2025 07:59:33 GMT
Source-Age: 0

]
[2025-05-17 11:54:32,997: INFO: main: >>>>>> stage Data Ingestion stage completed <<<<<<

x==========x]
[2025-05-17 11:54:32,997: INFO: main: >>>>>> stage Data Validation stage started <<<<<<]
[2025-05-17 11:54:32,998: INFO: common: yaml file: config\config.yaml loaded successfully]
[2025-05-17 11:54:32,999: INFO: common: yaml file: params.yaml loaded successfully]
[2025-05-17 11:54:33,001: INFO: common: yaml file: schema.yaml loaded successfully]
[2025-05-17 11:54:33,002: INFO: common: created directory at: artifacts]
[2025-05-17 11:54:33,002: INFO: common: created directory at: artifacts/data_validation]
[2025-05-17 11:54:33,019: INFO: main: >>>>>> stage Data Validation stage completed <<<<<<

x==========x]
[2025-05-17 12:10:56,195: INFO: main: >>>>>> stage Data Ingestion stage started <<<<<<]
[2025-05-17 12:10:56,197: INFO: common: yaml file: config\config.yaml loaded successfully]
[2025-05-17 12:10:56,198: INFO: common: yaml file: params.yaml loaded successfully]
[2025-05-17 12:10:56,200: INFO: common: yaml file: schema.yaml loaded successfully]
[2025-05-17 12:10:56,201: INFO: common: created directory at: artifacts]
[2025-05-17 12:10:56,201: INFO: common: created directory at: artifacts/data_ingestion]
[2025-05-17 12:10:57,345: INFO: data_ingestion: artifacts/data_ingestion/data.zip download! with following info: 
Connection: close
Content-Length: 23329
Cache-Control: max-age=300
Content-Security-Policy: default-src 'none'; style-src 'unsafe-inline'; sandbox
Content-Type: application/zip
ETag: "c69888a4ae59bc5a893392785a938ccd4937981c06ba8a9d6a21aa52b4ab5b6e"
Strict-Transport-Security: max-age=31536000
X-Content-Type-Options: nosniff
X-Frame-Options: deny
X-XSS-Protection: 1; mode=block
X-GitHub-Request-Id: 82D3:337BF7:493903:5B9ECA:68283BC1
Accept-Ranges: bytes
Date: Sat, 17 May 2025 08:10:57 GMT
Via: 1.1 varnish
X-Served-By: cache-fjr990021-FJR
X-Cache: HIT
X-Cache-Hits: 0
X-Timer: S1747469457.953537,VS0,VE405
Vary: Authorization,Accept-Encoding,Origin
Access-Control-Allow-Origin: *
Cross-Origin-Resource-Policy: cross-origin
X-Fastly-Request-ID: 78a221dbb5c4e3d1fbda4519b0886fc8936fe7b1
Expires: Sat, 17 May 2025 08:15:57 GMT
Source-Age: 0

]
[2025-05-17 12:10:57,349: INFO: main: >>>>>> stage Data Ingestion stage completed <<<<<<

x==========x]
[2025-05-17 12:10:57,349: INFO: main: >>>>>> stage Data Validation stage started <<<<<<]
[2025-05-17 12:10:57,351: INFO: common: yaml file: config\config.yaml loaded successfully]
[2025-05-17 12:10:57,351: INFO: common: yaml file: params.yaml loaded successfully]
[2025-05-17 12:10:57,353: INFO: common: yaml file: schema.yaml loaded successfully]
[2025-05-17 12:10:57,354: INFO: common: created directory at: artifacts]
[2025-05-17 12:10:57,354: INFO: common: created directory at: artifacts/data_validation]
[2025-05-17 12:10:57,374: INFO: main: >>>>>> stage Data Validation stage completed <<<<<<

x==========x]
[2025-05-17 12:10:57,374: INFO: main: >>>>>> stage Data Transformation stage started <<<<<<]
[2025-05-17 12:10:57,374: ERROR: main: name 'DataTransformationTrainingPipeline' is not defined]
Traceback (most recent call last):
  File "E:\Aneesha\Gen AI\SourceCode\End To End ML Project\main.py", line 30, in <module>
    data_ingestion = DataTransformationTrainingPipeline()
NameError: name 'DataTransformationTrainingPipeline' is not defined
[2025-05-17 12:11:40,270: INFO: main: >>>>>> stage Data Ingestion stage started <<<<<<]
[2025-05-17 12:11:40,272: INFO: common: yaml file: config\config.yaml loaded successfully]
[2025-05-17 12:11:40,273: INFO: common: yaml file: params.yaml loaded successfully]
[2025-05-17 12:11:40,275: INFO: common: yaml file: schema.yaml loaded successfully]
[2025-05-17 12:11:40,275: INFO: common: created directory at: artifacts]
[2025-05-17 12:11:40,275: INFO: common: created directory at: artifacts/data_ingestion]
[2025-05-17 12:11:40,747: INFO: data_ingestion: artifacts/data_ingestion/data.zip download! with following info: 
Connection: close
Content-Length: 23329
Cache-Control: max-age=300
Content-Security-Policy: default-src 'none'; style-src 'unsafe-inline'; sandbox
Content-Type: application/zip
ETag: "c69888a4ae59bc5a893392785a938ccd4937981c06ba8a9d6a21aa52b4ab5b6e"
Strict-Transport-Security: max-age=31536000
X-Content-Type-Options: nosniff
X-Frame-Options: deny
X-XSS-Protection: 1; mode=block
X-GitHub-Request-Id: 82D3:337BF7:493903:5B9ECA:68283BC1
Accept-Ranges: bytes
Date: Sat, 17 May 2025 08:11:40 GMT
Via: 1.1 varnish
X-Served-By: cache-fjr990027-FJR
X-Cache: HIT
X-Cache-Hits: 1
X-Timer: S1747469501.761668,VS0,VE1
Vary: Authorization,Accept-Encoding,Origin
Access-Control-Allow-Origin: *
Cross-Origin-Resource-Policy: cross-origin
X-Fastly-Request-ID: 50e4a901f4ae7b88997d55d4753628835e0bdaa7
Expires: Sat, 17 May 2025 08:16:40 GMT
Source-Age: 43

]
[2025-05-17 12:11:40,750: INFO: main: >>>>>> stage Data Ingestion stage completed <<<<<<

x==========x]
[2025-05-17 12:11:40,751: INFO: main: >>>>>> stage Data Validation stage started <<<<<<]
[2025-05-17 12:11:40,752: INFO: common: yaml file: config\config.yaml loaded successfully]
[2025-05-17 12:11:40,753: INFO: common: yaml file: params.yaml loaded successfully]
[2025-05-17 12:11:40,755: INFO: common: yaml file: schema.yaml loaded successfully]
[2025-05-17 12:11:40,756: INFO: common: created directory at: artifacts]
[2025-05-17 12:11:40,756: INFO: common: created directory at: artifacts/data_validation]
[2025-05-17 12:11:40,775: INFO: main: >>>>>> stage Data Validation stage completed <<<<<<

x==========x]
[2025-05-17 12:11:40,775: INFO: main: >>>>>> stage Data Transformation stage started <<<<<<]
[2025-05-17 12:11:40,778: INFO: common: yaml file: config\config.yaml loaded successfully]
[2025-05-17 12:11:40,778: INFO: common: yaml file: params.yaml loaded successfully]
[2025-05-17 12:11:40,781: INFO: common: yaml file: schema.yaml loaded successfully]
[2025-05-17 12:11:40,782: INFO: common: created directory at: artifacts]
[2025-05-17 12:11:40,782: INFO: common: created directory at: artifacts/data_transformation]
[2025-05-17 12:11:40,806: INFO: data_transformation: Splited data into training and test sets]
[2025-05-17 12:11:40,806: INFO: data_transformation: (1199, 12)]
[2025-05-17 12:11:40,807: INFO: data_transformation: (400, 12)]
[2025-05-17 12:11:40,807: INFO: main: >>>>>> stage Data Transformation stage completed <<<<<<

x==========x]
[2025-05-17 13:00:21,196: INFO: main: >>>>>> stage Data Ingestion stage started <<<<<<]
[2025-05-17 13:00:21,200: INFO: common: yaml file: config\config.yaml loaded successfully]
[2025-05-17 13:00:21,200: INFO: common: yaml file: params.yaml loaded successfully]
[2025-05-17 13:00:21,202: INFO: common: yaml file: schema.yaml loaded successfully]
[2025-05-17 13:00:21,203: INFO: common: created directory at: artifacts]
[2025-05-17 13:00:21,203: INFO: common: created directory at: artifacts/data_ingestion]
[2025-05-17 13:00:23,213: INFO: data_ingestion: artifacts/data_ingestion/data.zip download! with following info: 
Connection: close
Content-Length: 23329
Cache-Control: max-age=300
Content-Security-Policy: default-src 'none'; style-src 'unsafe-inline'; sandbox
Content-Type: application/zip
ETag: "c69888a4ae59bc5a893392785a938ccd4937981c06ba8a9d6a21aa52b4ab5b6e"
Strict-Transport-Security: max-age=31536000
X-Content-Type-Options: nosniff
X-Frame-Options: deny
X-XSS-Protection: 1; mode=block
X-GitHub-Request-Id: 82D3:337BF7:493903:5B9ECA:68283BC1
Accept-Ranges: bytes
Date: Sat, 17 May 2025 09:00:23 GMT
Via: 1.1 varnish
X-Served-By: cache-fjr990029-FJR
X-Cache: HIT
X-Cache-Hits: 0
X-Timer: S1747472422.096016,VS0,VE1141
Vary: Authorization,Accept-Encoding,Origin
Access-Control-Allow-Origin: *
Cross-Origin-Resource-Policy: cross-origin
X-Fastly-Request-ID: bae5dbce10768c8ac63a8530fc00e725a2436002
Expires: Sat, 17 May 2025 09:05:23 GMT
Source-Age: 0

]
[2025-05-17 13:00:23,217: INFO: main: >>>>>> stage Data Ingestion stage completed <<<<<<

x==========x]
[2025-05-17 13:00:23,217: INFO: main: >>>>>> stage Data Validation stage started <<<<<<]
[2025-05-17 13:00:23,220: INFO: common: yaml file: config\config.yaml loaded successfully]
[2025-05-17 13:00:23,221: INFO: common: yaml file: params.yaml loaded successfully]
[2025-05-17 13:00:23,223: INFO: common: yaml file: schema.yaml loaded successfully]
[2025-05-17 13:00:23,224: INFO: common: created directory at: artifacts]
[2025-05-17 13:00:23,224: INFO: common: created directory at: artifacts/data_validation]
[2025-05-17 13:00:23,238: INFO: main: >>>>>> stage Data Validation stage completed <<<<<<

x==========x]
[2025-05-17 13:00:23,238: INFO: main: >>>>>> stage Data Transformation stage started <<<<<<]
[2025-05-17 13:00:23,242: INFO: common: yaml file: config\config.yaml loaded successfully]
[2025-05-17 13:00:23,243: INFO: common: yaml file: params.yaml loaded successfully]
[2025-05-17 13:00:23,245: INFO: common: yaml file: schema.yaml loaded successfully]
[2025-05-17 13:00:23,245: INFO: common: created directory at: artifacts]
[2025-05-17 13:00:23,246: INFO: common: created directory at: artifacts/data_transformation]
[2025-05-17 13:00:23,267: INFO: data_transformation: Splited data into training and test sets]
[2025-05-17 13:00:23,267: INFO: data_transformation: (1199, 12)]
[2025-05-17 13:00:23,267: INFO: data_transformation: (400, 12)]
[2025-05-17 13:00:23,268: INFO: main: >>>>>> stage Data Transformation stage completed <<<<<<

x==========x]
[2025-05-17 13:00:23,268: INFO: main: >>>>>> stage Model Trainer stage started <<<<<<]
[2025-05-17 13:00:23,271: INFO: common: yaml file: config\config.yaml loaded successfully]
[2025-05-17 13:00:23,271: INFO: common: yaml file: params.yaml loaded successfully]
[2025-05-17 13:00:23,273: INFO: common: yaml file: schema.yaml loaded successfully]
[2025-05-17 13:00:23,274: INFO: common: created directory at: artifacts]
[2025-05-17 13:00:23,274: INFO: common: created directory at: artifacts/model_trainer]
[2025-05-17 13:00:23,286: INFO: main: >>>>>> stage Model Trainer stage completed <<<<<<

x==========x]
[2025-05-17 13:00:23,287: INFO: main: >>>>>> stage Model evaluation stage started <<<<<<]
[2025-05-17 13:00:23,290: INFO: common: yaml file: config\config.yaml loaded successfully]
[2025-05-17 13:00:23,291: INFO: common: yaml file: params.yaml loaded successfully]
[2025-05-17 13:00:23,294: INFO: common: yaml file: schema.yaml loaded successfully]
[2025-05-17 13:00:23,294: INFO: common: created directory at: artifacts]
[2025-05-17 13:00:23,295: INFO: common: created directory at: artifacts/model_evaluation]
[2025-05-17 13:00:23,303: INFO: common: json file saved at: artifacts\model_evaluation\metrics.json]
[2025-05-17 13:00:23,303: INFO: main: >>>>>> stage Model evaluation stage completed <<<<<<

x==========x]
[2025-05-17 13:04:47,089: INFO: _internal: [31m[1mWARNING: This is a development server. Do not use it in a production deployment. Use a production WSGI server instead.[0m
 * Running on all addresses (0.0.0.0)
 * Running on http://127.0.0.1:8080
 * Running on http://192.168.0.128:8080]
[2025-05-17 13:04:47,090: INFO: _internal: [33mPress CTRL+C to quit[0m]
[2025-05-17 13:04:53,287: INFO: _internal: 127.0.0.1 - - [17/May/2025 13:04:53] "GET / HTTP/1.1" 200 -]
[2025-05-17 13:04:53,451: INFO: _internal: 127.0.0.1 - - [17/May/2025 13:04:53] "GET /static/css/styles.css HTTP/1.1" 200 -]
[2025-05-17 13:04:53,463: INFO: _internal: 127.0.0.1 - - [17/May/2025 13:04:53] "GET /static/css2/style.css HTTP/1.1" 200 -]
[2025-05-17 13:04:53,463: INFO: _internal: 127.0.0.1 - - [17/May/2025 13:04:53] "GET /static/js/scripts.js HTTP/1.1" 200 -]
[2025-05-17 13:04:53,474: INFO: _internal: 127.0.0.1 - - [17/May/2025 13:04:53] "GET /static/css2/nunito-font.css HTTP/1.1" 200 -]
[2025-05-17 13:04:54,467: INFO: _internal: 127.0.0.1 - - [17/May/2025 13:04:54] "[33mGET /static/assets/img/wine.jpg HTTP/1.1[0m" 404 -]
[2025-05-17 13:04:54,495: INFO: _internal: 127.0.0.1 - - [17/May/2025 13:04:54] "[33mGET /static/fonts/Nunito/Nunito-Bold.ttf HTTP/1.1[0m" 404 -]
[2025-05-17 13:04:54,562: INFO: _internal: 127.0.0.1 - - [17/May/2025 13:04:54] "GET /static/assets/img/form-v9.jpg HTTP/1.1" 200 -]
[2025-05-17 13:04:54,569: INFO: _internal: 127.0.0.1 - - [17/May/2025 13:04:54] "GET /static/assets/favicon.ico HTTP/1.1" 200 -]
[2025-05-17 13:05:10,196: INFO: _internal: 127.0.0.1 - - [17/May/2025 13:05:10] "POST /predict HTTP/1.1" 200 -]
[2025-05-17 13:05:10,222: INFO: _internal: 127.0.0.1 - - [17/May/2025 13:05:10] "[36mGET /static/css/styles.css HTTP/1.1[0m" 304 -]
[2025-05-17 13:05:10,225: INFO: _internal: 127.0.0.1 - - [17/May/2025 13:05:10] "[36mGET /static/js/scripts.js HTTP/1.1[0m" 304 -]
[2025-05-17 13:05:10,247: INFO: _internal: 127.0.0.1 - - [17/May/2025 13:05:10] "[33mGET /static/assets/img/wine.gif HTTP/1.1[0m" 404 -]
[2025-05-17 13:06:46,511: INFO: _internal: 127.0.0.1 - - [17/May/2025 13:06:46] "GET / HTTP/1.1" 200 -]
[2025-05-17 13:06:46,523: INFO: _internal: 127.0.0.1 - - [17/May/2025 13:06:46] "[36mGET /static/css/styles.css HTTP/1.1[0m" 304 -]
[2025-05-17 13:06:46,529: INFO: _internal: 127.0.0.1 - - [17/May/2025 13:06:46] "[36mGET /static/css2/nunito-font.css HTTP/1.1[0m" 304 -]
[2025-05-17 13:06:46,530: INFO: _internal: 127.0.0.1 - - [17/May/2025 13:06:46] "[36mGET /static/css2/style.css HTTP/1.1[0m" 304 -]
[2025-05-17 13:06:46,531: INFO: _internal: 127.0.0.1 - - [17/May/2025 13:06:46] "[36mGET /static/js/scripts.js HTTP/1.1[0m" 304 -]
[2025-05-17 13:06:46,540: INFO: _internal: 127.0.0.1 - - [17/May/2025 13:06:46] "[33mGET /static/assets/img/wine.jpg HTTP/1.1[0m" 404 -]
[2025-05-17 13:06:46,552: INFO: _internal: 127.0.0.1 - - [17/May/2025 13:06:46] "[36mGET /static/assets/img/form-v9.jpg HTTP/1.1[0m" 304 -]
[2025-05-17 13:06:46,556: INFO: _internal: 127.0.0.1 - - [17/May/2025 13:06:46] "[33mGET /static/fonts/Nunito/Nunito-Bold.ttf HTTP/1.1[0m" 404 -]
[2025-05-17 13:07:12,396: INFO: _internal: 127.0.0.1 - - [17/May/2025 13:07:12] "GET /train HTTP/1.1" 200 -]
[2025-05-17 13:07:12,418: INFO: _internal: 127.0.0.1 - - [17/May/2025 13:07:12] "[33mGET /favicon.ico HTTP/1.1[0m" 404 -]
[2025-05-17 13:07:24,833: INFO: _internal: 127.0.0.1 - - [17/May/2025 13:07:24] "GET / HTTP/1.1" 200 -]
[2025-05-17 13:07:24,846: INFO: _internal: 127.0.0.1 - - [17/May/2025 13:07:24] "[36mGET /static/css/styles.css HTTP/1.1[0m" 304 -]
[2025-05-17 13:07:24,853: INFO: _internal: 127.0.0.1 - - [17/May/2025 13:07:24] "[36mGET /static/css2/nunito-font.css HTTP/1.1[0m" 304 -]
[2025-05-17 13:07:24,855: INFO: _internal: 127.0.0.1 - - [17/May/2025 13:07:24] "[36mGET /static/css2/style.css HTTP/1.1[0m" 304 -]
[2025-05-17 13:07:24,856: INFO: _internal: 127.0.0.1 - - [17/May/2025 13:07:24] "[36mGET /static/js/scripts.js HTTP/1.1[0m" 304 -]
[2025-05-17 13:07:24,870: INFO: _internal: 127.0.0.1 - - [17/May/2025 13:07:24] "[33mGET /static/assets/img/wine.jpg HTTP/1.1[0m" 404 -]
[2025-05-17 13:07:24,872: INFO: _internal: 127.0.0.1 - - [17/May/2025 13:07:24] "[36mGET /static/assets/img/form-v9.jpg HTTP/1.1[0m" 304 -]
[2025-05-17 13:07:24,878: INFO: _internal: 127.0.0.1 - - [17/May/2025 13:07:24] "[33mGET /static/fonts/Nunito/Nunito-Bold.ttf HTTP/1.1[0m" 404 -]
[2025-05-17 13:11:52,620: INFO: _internal: [31m[1mWARNING: This is a development server. Do not use it in a production deployment. Use a production WSGI server instead.[0m
 * Running on all addresses (0.0.0.0)
 * Running on http://127.0.0.1:8080
 * Running on http://192.168.0.128:8080]
[2025-05-17 13:11:52,620: INFO: _internal: [33mPress CTRL+C to quit[0m]
[2025-05-17 13:11:55,841: INFO: _internal: 127.0.0.1 - - [17/May/2025 13:11:55] "GET / HTTP/1.1" 200 -]
[2025-05-17 13:11:56,004: INFO: _internal: 127.0.0.1 - - [17/May/2025 13:11:56] "[36mGET /static/css/styles.css HTTP/1.1[0m" 304 -]
[2025-05-17 13:11:56,010: INFO: _internal: 127.0.0.1 - - [17/May/2025 13:11:56] "[36mGET /static/css2/style.css HTTP/1.1[0m" 304 -]
[2025-05-17 13:11:56,012: INFO: _internal: 127.0.0.1 - - [17/May/2025 13:11:56] "[36mGET /static/css2/nunito-font.css HTTP/1.1[0m" 304 -]
[2025-05-17 13:11:56,012: INFO: _internal: 127.0.0.1 - - [17/May/2025 13:11:56] "[36mGET /static/js/scripts.js HTTP/1.1[0m" 304 -]
[2025-05-17 13:11:56,017: INFO: _internal: 127.0.0.1 - - [17/May/2025 13:11:56] "[33mGET /static/assets/img/wine.jpg HTTP/1.1[0m" 404 -]
[2025-05-17 13:11:56,040: INFO: _internal: 127.0.0.1 - - [17/May/2025 13:11:56] "[36mGET /static/assets/img/form-v9.jpg HTTP/1.1[0m" 304 -]
[2025-05-17 13:11:56,061: INFO: _internal: 127.0.0.1 - - [17/May/2025 13:11:56] "[33mGET /static/fonts/Nunito/Nunito-Bold.ttf HTTP/1.1[0m" 404 -]
[2025-05-17 13:12:00,697: INFO: _internal: 127.0.0.1 - - [17/May/2025 13:12:00] "[33mGET /train HTTP/1.1[0m" 404 -]
[2025-05-17 13:12:44,268: INFO: _internal: [31m[1mWARNING: This is a development server. Do not use it in a production deployment. Use a production WSGI server instead.[0m
 * Running on all addresses (0.0.0.0)
 * Running on http://127.0.0.1:8080
 * Running on http://192.168.0.128:8080]
[2025-05-17 13:12:44,268: INFO: _internal: [33mPress CTRL+C to quit[0m]
[2025-05-17 13:12:46,238: INFO: _internal: 127.0.0.1 - - [17/May/2025 13:12:46] "GET / HTTP/1.1" 200 -]
[2025-05-17 13:12:46,386: INFO: _internal: 127.0.0.1 - - [17/May/2025 13:12:46] "[36mGET /static/css2/style.css HTTP/1.1[0m" 304 -]
[2025-05-17 13:12:46,387: INFO: _internal: 127.0.0.1 - - [17/May/2025 13:12:46] "[36mGET /static/js/scripts.js HTTP/1.1[0m" 304 -]
[2025-05-17 13:12:46,388: INFO: _internal: 127.0.0.1 - - [17/May/2025 13:12:46] "[36mGET /static/css2/nunito-font.css HTTP/1.1[0m" 304 -]
[2025-05-17 13:12:46,388: INFO: _internal: 127.0.0.1 - - [17/May/2025 13:12:46] "[36mGET /static/css/styles.css HTTP/1.1[0m" 304 -]
[2025-05-17 13:12:46,399: INFO: _internal: 127.0.0.1 - - [17/May/2025 13:12:46] "[33mGET /static/assets/img/wine.jpg HTTP/1.1[0m" 404 -]
[2025-05-17 13:12:46,423: INFO: _internal: 127.0.0.1 - - [17/May/2025 13:12:46] "[36mGET /static/assets/img/form-v9.jpg HTTP/1.1[0m" 304 -]
[2025-05-17 13:12:46,446: INFO: _internal: 127.0.0.1 - - [17/May/2025 13:12:46] "[33mGET /static/fonts/Nunito/Nunito-Bold.ttf HTTP/1.1[0m" 404 -]
[2025-05-17 13:12:56,305: INFO: _internal: 127.0.0.1 - - [17/May/2025 13:12:56] "GET / HTTP/1.1" 200 -]
[2025-05-17 13:12:56,325: INFO: _internal: 127.0.0.1 - - [17/May/2025 13:12:56] "[36mGET /static/css/styles.css HTTP/1.1[0m" 304 -]
[2025-05-17 13:12:56,328: INFO: _internal: 127.0.0.1 - - [17/May/2025 13:12:56] "[36mGET /static/css2/nunito-font.css HTTP/1.1[0m" 304 -]
[2025-05-17 13:12:56,329: INFO: _internal: 127.0.0.1 - - [17/May/2025 13:12:56] "[36mGET /static/css2/style.css HTTP/1.1[0m" 304 -]
[2025-05-17 13:12:56,330: INFO: _internal: 127.0.0.1 - - [17/May/2025 13:12:56] "[36mGET /static/js/scripts.js HTTP/1.1[0m" 304 -]
[2025-05-17 13:12:56,364: INFO: _internal: 127.0.0.1 - - [17/May/2025 13:12:56] "[33mGET /static/assets/img/wine.jpg HTTP/1.1[0m" 404 -]
[2025-05-17 13:12:56,365: INFO: _internal: 127.0.0.1 - - [17/May/2025 13:12:56] "[36mGET /static/assets/img/form-v9.jpg HTTP/1.1[0m" 304 -]
[2025-05-17 13:12:56,395: INFO: _internal: 127.0.0.1 - - [17/May/2025 13:12:56] "[33mGET /static/fonts/Nunito/Nunito-Bold.ttf HTTP/1.1[0m" 404 -]
[2025-05-17 13:13:02,205: INFO: _internal: 127.0.0.1 - - [17/May/2025 13:13:02] "GET /train HTTP/1.1" 200 -]
[2025-05-17 13:13:49,550: INFO: _internal: [31m[1mWARNING: This is a development server. Do not use it in a production deployment. Use a production WSGI server instead.[0m
 * Running on all addresses (0.0.0.0)
 * Running on http://127.0.0.1:8080
 * Running on http://192.168.0.128:8080]
[2025-05-17 13:13:49,550: INFO: _internal: [33mPress CTRL+C to quit[0m]
[2025-05-17 13:13:51,921: INFO: _internal: 127.0.0.1 - - [17/May/2025 13:13:51] "GET / HTTP/1.1" 200 -]
[2025-05-17 13:13:52,067: INFO: _internal: 127.0.0.1 - - [17/May/2025 13:13:52] "[36mGET /static/css/styles.css HTTP/1.1[0m" 304 -]
[2025-05-17 13:13:52,075: INFO: _internal: 127.0.0.1 - - [17/May/2025 13:13:52] "[36mGET /static/css2/nunito-font.css HTTP/1.1[0m" 304 -]
[2025-05-17 13:13:52,078: INFO: _internal: 127.0.0.1 - - [17/May/2025 13:13:52] "[36mGET /static/css2/style.css HTTP/1.1[0m" 304 -]
[2025-05-17 13:13:52,078: INFO: _internal: 127.0.0.1 - - [17/May/2025 13:13:52] "[36mGET /static/js/scripts.js HTTP/1.1[0m" 304 -]
[2025-05-17 13:13:52,100: INFO: _internal: 127.0.0.1 - - [17/May/2025 13:13:52] "[33mGET /static/assets/img/wine.jpg HTTP/1.1[0m" 404 -]
[2025-05-17 13:13:52,101: INFO: _internal: 127.0.0.1 - - [17/May/2025 13:13:52] "[36mGET /static/assets/img/form-v9.jpg HTTP/1.1[0m" 304 -]
[2025-05-17 13:13:52,129: INFO: _internal: 127.0.0.1 - - [17/May/2025 13:13:52] "[33mGET /static/fonts/Nunito/Nunito-Bold.ttf HTTP/1.1[0m" 404 -]
[2025-05-17 13:14:00,806: INFO: _internal: 127.0.0.1 - - [17/May/2025 13:14:00] "GET /train HTTP/1.1" 200 -]
[2025-05-17 13:16:54,031: INFO: main: >>>>>> stage Data Ingestion stage started <<<<<<]
[2025-05-17 13:16:54,034: INFO: common: yaml file: config\config.yaml loaded successfully]
[2025-05-17 13:16:54,035: INFO: common: yaml file: params.yaml loaded successfully]
[2025-05-17 13:16:54,036: INFO: common: yaml file: schema.yaml loaded successfully]
[2025-05-17 13:16:54,037: INFO: common: created directory at: artifacts]
[2025-05-17 13:16:54,037: INFO: common: created directory at: artifacts/data_ingestion]
[2025-05-17 13:16:55,390: INFO: data_ingestion: artifacts/data_ingestion/data.zip download! with following info: 
Connection: close
Content-Length: 23329
Cache-Control: max-age=300
Content-Security-Policy: default-src 'none'; style-src 'unsafe-inline'; sandbox
Content-Type: application/zip
ETag: "c69888a4ae59bc5a893392785a938ccd4937981c06ba8a9d6a21aa52b4ab5b6e"
Strict-Transport-Security: max-age=31536000
X-Content-Type-Options: nosniff
X-Frame-Options: deny
X-XSS-Protection: 1; mode=block
X-GitHub-Request-Id: 82D3:337BF7:493903:5B9ECA:68283BC1
Accept-Ranges: bytes
Date: Sat, 17 May 2025 09:16:55 GMT
Via: 1.1 varnish
X-Served-By: cache-fjr990021-FJR
X-Cache: HIT
X-Cache-Hits: 0
X-Timer: S1747473415.022836,VS0,VE391
Vary: Authorization,Accept-Encoding,Origin
Access-Control-Allow-Origin: *
Cross-Origin-Resource-Policy: cross-origin
X-Fastly-Request-ID: 7e2e74d24fbb497caf8d183784a76264f12375cc
Expires: Sat, 17 May 2025 09:21:55 GMT
Source-Age: 0

]
[2025-05-17 13:16:55,394: INFO: main: >>>>>> stage Data Ingestion stage completed <<<<<<

x==========x]
[2025-05-17 13:16:55,394: INFO: main: >>>>>> stage Data Validation stage started <<<<<<]
[2025-05-17 13:16:55,397: INFO: common: yaml file: config\config.yaml loaded successfully]
[2025-05-17 13:16:55,398: INFO: common: yaml file: params.yaml loaded successfully]
[2025-05-17 13:16:55,399: INFO: common: yaml file: schema.yaml loaded successfully]
[2025-05-17 13:16:55,400: INFO: common: created directory at: artifacts]
[2025-05-17 13:16:55,400: INFO: common: created directory at: artifacts/data_validation]
[2025-05-17 13:16:55,423: INFO: main: >>>>>> stage Data Validation stage completed <<<<<<

x==========x]
[2025-05-17 13:16:55,423: INFO: main: >>>>>> stage Data Transformation stage started <<<<<<]
[2025-05-17 13:16:55,426: INFO: common: yaml file: config\config.yaml loaded successfully]
[2025-05-17 13:16:55,427: INFO: common: yaml file: params.yaml loaded successfully]
[2025-05-17 13:16:55,430: INFO: common: yaml file: schema.yaml loaded successfully]
[2025-05-17 13:16:55,430: INFO: common: created directory at: artifacts]
[2025-05-17 13:16:55,431: INFO: common: created directory at: artifacts/data_transformation]
[2025-05-17 13:16:55,455: INFO: data_transformation: Splited data into training and test sets]
[2025-05-17 13:16:55,455: INFO: data_transformation: (1199, 12)]
[2025-05-17 13:16:55,456: INFO: data_transformation: (400, 12)]
[2025-05-17 13:16:55,456: INFO: main: >>>>>> stage Data Transformation stage completed <<<<<<

x==========x]
[2025-05-17 13:16:55,456: INFO: main: >>>>>> stage Model Trainer stage started <<<<<<]
[2025-05-17 13:16:55,459: INFO: common: yaml file: config\config.yaml loaded successfully]
[2025-05-17 13:16:55,461: INFO: common: yaml file: params.yaml loaded successfully]
[2025-05-17 13:16:55,463: INFO: common: yaml file: schema.yaml loaded successfully]
[2025-05-17 13:16:55,464: INFO: common: created directory at: artifacts]
[2025-05-17 13:16:55,464: INFO: common: created directory at: artifacts/model_trainer]
[2025-05-17 13:16:55,477: INFO: main: >>>>>> stage Model Trainer stage completed <<<<<<

x==========x]
[2025-05-17 13:16:55,477: INFO: main: >>>>>> stage Model evaluation stage started <<<<<<]
[2025-05-17 13:16:55,480: INFO: common: yaml file: config\config.yaml loaded successfully]
[2025-05-17 13:16:55,482: INFO: common: yaml file: params.yaml loaded successfully]
[2025-05-17 13:16:55,484: INFO: common: yaml file: schema.yaml loaded successfully]
[2025-05-17 13:16:55,485: INFO: common: created directory at: artifacts]
[2025-05-17 13:16:55,485: INFO: common: created directory at: artifacts/model_evaluation]
[2025-05-17 13:16:55,495: INFO: common: json file saved at: artifacts\model_evaluation\metrics.json]
[2025-05-17 13:16:55,495: INFO: main: >>>>>> stage Model evaluation stage completed <<<<<<

x==========x]
[2025-05-17 13:17:38,788: INFO: _internal: [31m[1mWARNING: This is a development server. Do not use it in a production deployment. Use a production WSGI server instead.[0m
 * Running on all addresses (0.0.0.0)
 * Running on http://127.0.0.1:8080
 * Running on http://192.168.0.128:8080]
[2025-05-17 13:17:38,788: INFO: _internal: [33mPress CTRL+C to quit[0m]
[2025-05-17 13:17:43,112: INFO: _internal: 127.0.0.1 - - [17/May/2025 13:17:43] "GET / HTTP/1.1" 200 -]
[2025-05-17 13:17:43,276: INFO: _internal: 127.0.0.1 - - [17/May/2025 13:17:43] "[36mGET /static/js/scripts.js HTTP/1.1[0m" 304 -]
[2025-05-17 13:17:43,280: INFO: _internal: 127.0.0.1 - - [17/May/2025 13:17:43] "[36mGET /static/css2/nunito-font.css HTTP/1.1[0m" 304 -]
[2025-05-17 13:17:43,280: INFO: _internal: 127.0.0.1 - - [17/May/2025 13:17:43] "[36mGET /static/css2/style.css HTTP/1.1[0m" 304 -]
[2025-05-17 13:17:43,280: INFO: _internal: 127.0.0.1 - - [17/May/2025 13:17:43] "[36mGET /static/css/styles.css HTTP/1.1[0m" 304 -]
[2025-05-17 13:17:43,295: INFO: _internal: 127.0.0.1 - - [17/May/2025 13:17:43] "[33mGET /static/assets/img/wine.jpg HTTP/1.1[0m" 404 -]
[2025-05-17 13:17:43,297: INFO: _internal: 127.0.0.1 - - [17/May/2025 13:17:43] "[36mGET /static/assets/img/form-v9.jpg HTTP/1.1[0m" 304 -]
[2025-05-17 13:17:43,327: INFO: _internal: 127.0.0.1 - - [17/May/2025 13:17:43] "[33mGET /static/fonts/Nunito/Nunito-Bold.ttf HTTP/1.1[0m" 404 -]
[2025-05-17 13:17:47,013: INFO: _internal: 127.0.0.1 - - [17/May/2025 13:17:47] "GET /train HTTP/1.1" 200 -]
[2025-05-17 13:21:15,064: INFO: _internal: [31m[1mWARNING: This is a development server. Do not use it in a production deployment. Use a production WSGI server instead.[0m
 * Running on all addresses (0.0.0.0)
 * Running on http://127.0.0.1:8080
 * Running on http://192.168.0.128:8080]
[2025-05-17 13:21:15,065: INFO: _internal: [33mPress CTRL+C to quit[0m]
[2025-05-17 13:21:16,904: INFO: _internal: 127.0.0.1 - - [17/May/2025 13:21:16] "GET / HTTP/1.1" 200 -]
[2025-05-17 13:21:17,066: INFO: _internal: 127.0.0.1 - - [17/May/2025 13:21:17] "[36mGET /static/css2/nunito-font.css HTTP/1.1[0m" 304 -]
[2025-05-17 13:21:17,067: INFO: _internal: 127.0.0.1 - - [17/May/2025 13:21:17] "[36mGET /static/css2/style.css HTTP/1.1[0m" 304 -]
[2025-05-17 13:21:17,068: INFO: _internal: 127.0.0.1 - - [17/May/2025 13:21:17] "[36mGET /static/js/scripts.js HTTP/1.1[0m" 304 -]
[2025-05-17 13:21:17,070: INFO: _internal: 127.0.0.1 - - [17/May/2025 13:21:17] "[36mGET /static/css/styles.css HTTP/1.1[0m" 304 -]
[2025-05-17 13:21:17,084: INFO: _internal: 127.0.0.1 - - [17/May/2025 13:21:17] "[33mGET /static/assets/img/wine.jpg HTTP/1.1[0m" 404 -]
[2025-05-17 13:21:17,086: INFO: _internal: 127.0.0.1 - - [17/May/2025 13:21:17] "[36mGET /static/assets/img/form-v9.jpg HTTP/1.1[0m" 304 -]
[2025-05-17 13:21:17,113: INFO: _internal: 127.0.0.1 - - [17/May/2025 13:21:17] "[33mGET /static/fonts/Nunito/Nunito-Bold.ttf HTTP/1.1[0m" 404 -]
[2025-05-17 13:21:22,542: INFO: _internal: 127.0.0.1 - - [17/May/2025 13:21:22] "GET /train HTTP/1.1" 200 -]
[2025-05-17 13:23:48,099: INFO: _internal: 192.168.0.128 - - [17/May/2025 13:23:48] "GET / HTTP/1.1" 200 -]
[2025-05-17 13:23:48,127: INFO: _internal: 192.168.0.128 - - [17/May/2025 13:23:48] "GET /static/css2/style.css HTTP/1.1" 200 -]
[2025-05-17 13:23:48,128: INFO: _internal: 192.168.0.128 - - [17/May/2025 13:23:48] "GET /static/css/styles.css HTTP/1.1" 200 -]
[2025-05-17 13:23:48,128: INFO: _internal: 192.168.0.128 - - [17/May/2025 13:23:48] "GET /static/css2/nunito-font.css HTTP/1.1" 200 -]
[2025-05-17 13:23:48,129: INFO: _internal: 192.168.0.128 - - [17/May/2025 13:23:48] "GET /static/js/scripts.js HTTP/1.1" 200 -]
[2025-05-17 13:23:50,224: INFO: _internal: 192.168.0.128 - - [17/May/2025 13:23:50] "[33mGET /static/assets/img/wine.jpg HTTP/1.1[0m" 404 -]
[2025-05-17 13:23:50,224: INFO: _internal: 192.168.0.128 - - [17/May/2025 13:23:50] "GET /static/assets/img/form-v9.jpg HTTP/1.1" 200 -]
[2025-05-17 13:23:50,251: INFO: _internal: 192.168.0.128 - - [17/May/2025 13:23:50] "[33mGET /static/fonts/Nunito/Nunito-Bold.ttf HTTP/1.1[0m" 404 -]
[2025-05-17 13:23:50,317: INFO: _internal: 192.168.0.128 - - [17/May/2025 13:23:50] "GET /static/assets/favicon.ico HTTP/1.1" 200 -]
[2025-05-17 13:23:53,898: INFO: _internal: 192.168.0.128 - - [17/May/2025 13:23:53] "GET /train HTTP/1.1" 200 -]
[2025-05-17 13:23:53,924: INFO: _internal: 192.168.0.128 - - [17/May/2025 13:23:53] "[33mGET /favicon.ico HTTP/1.1[0m" 404 -]
[2025-05-17 13:24:44,835: INFO: _internal: [31m[1mWARNING: This is a development server. Do not use it in a production deployment. Use a production WSGI server instead.[0m
 * Running on all addresses (0.0.0.0)
 * Running on http://127.0.0.1:8080
 * Running on http://192.168.0.128:8080]
[2025-05-17 13:24:44,836: INFO: _internal: [33mPress CTRL+C to quit[0m]
[2025-05-17 13:24:46,718: INFO: _internal: 127.0.0.1 - - [17/May/2025 13:24:46] "GET / HTTP/1.1" 200 -]
[2025-05-17 13:24:46,876: INFO: _internal: 127.0.0.1 - - [17/May/2025 13:24:46] "[36mGET /static/css2/nunito-font.css HTTP/1.1[0m" 304 -]
[2025-05-17 13:24:46,880: INFO: _internal: 127.0.0.1 - - [17/May/2025 13:24:46] "[36mGET /static/js/scripts.js HTTP/1.1[0m" 304 -]
[2025-05-17 13:24:46,881: INFO: _internal: 127.0.0.1 - - [17/May/2025 13:24:46] "[36mGET /static/css/styles.css HTTP/1.1[0m" 304 -]
[2025-05-17 13:24:46,882: INFO: _internal: 127.0.0.1 - - [17/May/2025 13:24:46] "[36mGET /static/css2/style.css HTTP/1.1[0m" 304 -]
[2025-05-17 13:24:46,891: INFO: _internal: 127.0.0.1 - - [17/May/2025 13:24:46] "[33mGET /static/assets/img/wine.jpg HTTP/1.1[0m" 404 -]
[2025-05-17 13:24:46,915: INFO: _internal: 127.0.0.1 - - [17/May/2025 13:24:46] "[36mGET /static/assets/img/form-v9.jpg HTTP/1.1[0m" 304 -]
[2025-05-17 13:24:46,936: INFO: _internal: 127.0.0.1 - - [17/May/2025 13:24:46] "[33mGET /static/fonts/Nunito/Nunito-Bold.ttf HTTP/1.1[0m" 404 -]
[2025-05-17 13:24:49,327: INFO: _internal: 127.0.0.1 - - [17/May/2025 13:24:49] "GET /train HTTP/1.1" 200 -]
[2025-05-17 13:26:49,852: INFO: _internal: [31m[1mWARNING: This is a development server. Do not use it in a production deployment. Use a production WSGI server instead.[0m
 * Running on all addresses (0.0.0.0)
 * Running on http://127.0.0.1:8080
 * Running on http://192.168.0.128:8080]
[2025-05-17 13:26:49,853: INFO: _internal: [33mPress CTRL+C to quit[0m]
[2025-05-17 13:26:52,140: INFO: _internal: 127.0.0.1 - - [17/May/2025 13:26:52] "GET / HTTP/1.1" 200 -]
[2025-05-17 13:26:52,298: INFO: _internal: 127.0.0.1 - - [17/May/2025 13:26:52] "[36mGET /static/css/styles.css HTTP/1.1[0m" 304 -]
[2025-05-17 13:26:52,306: INFO: _internal: 127.0.0.1 - - [17/May/2025 13:26:52] "[36mGET /static/css2/style.css HTTP/1.1[0m" 304 -]
[2025-05-17 13:26:52,307: INFO: _internal: 127.0.0.1 - - [17/May/2025 13:26:52] "[36mGET /static/js/scripts.js HTTP/1.1[0m" 304 -]
[2025-05-17 13:26:52,308: INFO: _internal: 127.0.0.1 - - [17/May/2025 13:26:52] "[36mGET /static/css2/nunito-font.css HTTP/1.1[0m" 304 -]
[2025-05-17 13:26:52,321: INFO: _internal: 127.0.0.1 - - [17/May/2025 13:26:52] "[33mGET /static/assets/img/wine.jpg HTTP/1.1[0m" 404 -]
[2025-05-17 13:26:52,349: INFO: _internal: 127.0.0.1 - - [17/May/2025 13:26:52] "[36mGET /static/assets/img/form-v9.jpg HTTP/1.1[0m" 304 -]
[2025-05-17 13:26:52,370: INFO: _internal: 127.0.0.1 - - [17/May/2025 13:26:52] "[33mGET /static/fonts/Nunito/Nunito-Bold.ttf HTTP/1.1[0m" 404 -]
[2025-05-17 13:26:54,476: INFO: _internal: 127.0.0.1 - - [17/May/2025 13:26:54] "GET /train HTTP/1.1" 200 -]
[2025-05-17 13:45:15,630: INFO: main: >>>>>> stage Data Ingestion stage started <<<<<<]
[2025-05-17 13:45:15,633: INFO: common: yaml file: config\config.yaml loaded successfully]
[2025-05-17 13:45:15,634: INFO: common: yaml file: params.yaml loaded successfully]
[2025-05-17 13:45:15,636: INFO: common: yaml file: schema.yaml loaded successfully]
[2025-05-17 13:45:15,637: INFO: common: created directory at: artifacts]
[2025-05-17 13:45:15,638: INFO: common: created directory at: artifacts/data_ingestion]
[2025-05-17 13:45:16,683: INFO: data_ingestion: artifacts/data_ingestion/data.zip download! with following info: 
Connection: close
Content-Length: 23329
Cache-Control: max-age=300
Content-Security-Policy: default-src 'none'; style-src 'unsafe-inline'; sandbox
Content-Type: application/zip
ETag: "c69888a4ae59bc5a893392785a938ccd4937981c06ba8a9d6a21aa52b4ab5b6e"
Strict-Transport-Security: max-age=31536000
X-Content-Type-Options: nosniff
X-Frame-Options: deny
X-XSS-Protection: 1; mode=block
X-GitHub-Request-Id: 82D3:337BF7:493903:5B9ECA:68283BC1
Accept-Ranges: bytes
Date: Sat, 17 May 2025 09:45:16 GMT
Via: 1.1 varnish
X-Served-By: cache-fjr990030-FJR
X-Cache: HIT
X-Cache-Hits: 0
X-Timer: S1747475116.468750,VS0,VE243
Vary: Authorization,Accept-Encoding,Origin
Access-Control-Allow-Origin: *
Cross-Origin-Resource-Policy: cross-origin
X-Fastly-Request-ID: f70e805dc8b596bf1af5cb0059fad759cca81dbb
Expires: Sat, 17 May 2025 09:50:16 GMT
Source-Age: 0

]
[2025-05-17 13:45:16,687: INFO: main: >>>>>> stage Data Ingestion stage completed <<<<<<

x==========x]
[2025-05-17 13:45:16,688: INFO: main: >>>>>> stage Data Validation stage started <<<<<<]
[2025-05-17 13:45:16,691: INFO: common: yaml file: config\config.yaml loaded successfully]
[2025-05-17 13:45:16,692: INFO: common: yaml file: params.yaml loaded successfully]
[2025-05-17 13:45:16,694: INFO: common: yaml file: schema.yaml loaded successfully]
[2025-05-17 13:45:16,694: INFO: common: created directory at: artifacts]
[2025-05-17 13:45:16,695: INFO: common: created directory at: artifacts/data_validation]
[2025-05-17 13:45:16,712: INFO: main: >>>>>> stage Data Validation stage completed <<<<<<

x==========x]
[2025-05-17 13:45:16,713: INFO: main: >>>>>> stage Data Transformation stage started <<<<<<]
[2025-05-17 13:45:16,716: INFO: common: yaml file: config\config.yaml loaded successfully]
[2025-05-17 13:45:16,717: INFO: common: yaml file: params.yaml loaded successfully]
[2025-05-17 13:45:16,719: INFO: common: yaml file: schema.yaml loaded successfully]
[2025-05-17 13:45:16,720: INFO: common: created directory at: artifacts]
[2025-05-17 13:45:16,720: INFO: common: created directory at: artifacts/data_transformation]
[2025-05-17 13:45:16,787: INFO: data_transformation: Splited data into training and test sets]
[2025-05-17 13:45:16,788: INFO: data_transformation: (1199, 12)]
[2025-05-17 13:45:16,788: INFO: data_transformation: (400, 12)]
[2025-05-17 13:45:16,788: INFO: main: >>>>>> stage Data Transformation stage completed <<<<<<

x==========x]
[2025-05-17 13:45:16,788: INFO: main: >>>>>> stage Model Trainer stage started <<<<<<]
[2025-05-17 13:45:16,792: INFO: common: yaml file: config\config.yaml loaded successfully]
[2025-05-17 13:45:16,793: INFO: common: yaml file: params.yaml loaded successfully]
[2025-05-17 13:45:16,795: INFO: common: yaml file: schema.yaml loaded successfully]
[2025-05-17 13:45:16,796: INFO: common: created directory at: artifacts]
[2025-05-17 13:45:16,797: INFO: common: created directory at: artifacts/model_trainer]
[2025-05-17 13:45:16,810: INFO: main: >>>>>> stage Model Trainer stage completed <<<<<<

x==========x]
[2025-05-17 13:45:16,810: INFO: main: >>>>>> stage Model evaluation stage started <<<<<<]
[2025-05-17 13:45:16,813: INFO: common: yaml file: config\config.yaml loaded successfully]
[2025-05-17 13:45:16,814: INFO: common: yaml file: params.yaml loaded successfully]
[2025-05-17 13:45:16,816: INFO: common: yaml file: schema.yaml loaded successfully]
[2025-05-17 13:45:16,817: INFO: common: created directory at: artifacts]
[2025-05-17 13:45:16,817: INFO: common: created directory at: artifacts/model_evaluation]
[2025-05-17 13:45:16,827: INFO: common: json file saved at: artifacts\model_evaluation\metrics.json]
[2025-05-17 13:45:16,827: INFO: main: >>>>>> stage Model evaluation stage completed <<<<<<

x==========x]
[2025-05-17 13:45:47,848: INFO: _internal: [31m[1mWARNING: This is a development server. Do not use it in a production deployment. Use a production WSGI server instead.[0m
 * Running on all addresses (0.0.0.0)
 * Running on http://127.0.0.1:8080
 * Running on http://192.168.0.128:8080]
[2025-05-17 13:45:47,848: INFO: _internal: [33mPress CTRL+C to quit[0m]
[2025-05-17 13:45:49,962: INFO: _internal: 127.0.0.1 - - [17/May/2025 13:45:49] "GET / HTTP/1.1" 200 -]
[2025-05-17 13:45:50,109: INFO: _internal: 127.0.0.1 - - [17/May/2025 13:45:50] "GET /static/css/styles.css HTTP/1.1" 200 -]
[2025-05-17 13:45:50,118: INFO: _internal: 127.0.0.1 - - [17/May/2025 13:45:50] "GET /static/css2/style.css HTTP/1.1" 200 -]
[2025-05-17 13:45:50,122: INFO: _internal: 127.0.0.1 - - [17/May/2025 13:45:50] "[33mGET /static/assets/img/wine.jpg HTTP/1.1[0m" 404 -]
[2025-05-17 13:45:50,122: INFO: _internal: 127.0.0.1 - - [17/May/2025 13:45:50] "GET /static/js/scripts.js HTTP/1.1" 200 -]
[2025-05-17 13:45:50,124: INFO: _internal: 127.0.0.1 - - [17/May/2025 13:45:50] "GET /static/css2/nunito-font.css HTTP/1.1" 200 -]
[2025-05-17 13:45:50,148: INFO: _internal: 127.0.0.1 - - [17/May/2025 13:45:50] "GET /static/assets/img/form-v9.jpg HTTP/1.1" 200 -]
[2025-05-17 13:45:50,168: INFO: _internal: 127.0.0.1 - - [17/May/2025 13:45:50] "[33mGET /static/fonts/Nunito/Nunito-Bold.ttf HTTP/1.1[0m" 404 -]
[2025-05-17 13:46:02,952: INFO: _internal: 127.0.0.1 - - [17/May/2025 13:46:02] "GET /train HTTP/1.1" 200 -]
[2025-05-17 13:48:22,272: INFO: _internal: [31m[1mWARNING: This is a development server. Do not use it in a production deployment. Use a production WSGI server instead.[0m
 * Running on all addresses (0.0.0.0)
 * Running on http://127.0.0.1:8080
 * Running on http://192.168.0.128:8080]
[2025-05-17 13:48:22,273: INFO: _internal: [33mPress CTRL+C to quit[0m]
[2025-05-17 13:48:26,005: INFO: _internal: 127.0.0.1 - - [17/May/2025 13:48:26] "GET / HTTP/1.1" 200 -]
[2025-05-17 13:48:26,169: INFO: _internal: 127.0.0.1 - - [17/May/2025 13:48:26] "[36mGET /static/css2/nunito-font.css HTTP/1.1[0m" 304 -]
[2025-05-17 13:48:26,170: INFO: _internal: 127.0.0.1 - - [17/May/2025 13:48:26] "[36mGET /static/css/styles.css HTTP/1.1[0m" 304 -]
[2025-05-17 13:48:26,172: INFO: _internal: 127.0.0.1 - - [17/May/2025 13:48:26] "[36mGET /static/js/scripts.js HTTP/1.1[0m" 304 -]
[2025-05-17 13:48:26,174: INFO: _internal: 127.0.0.1 - - [17/May/2025 13:48:26] "[36mGET /static/css2/style.css HTTP/1.1[0m" 304 -]
[2025-05-17 13:48:26,184: INFO: _internal: 127.0.0.1 - - [17/May/2025 13:48:26] "[33mGET /static/assets/img/wine.jpg HTTP/1.1[0m" 404 -]
[2025-05-17 13:48:26,206: INFO: _internal: 127.0.0.1 - - [17/May/2025 13:48:26] "[36mGET /static/assets/img/form-v9.jpg HTTP/1.1[0m" 304 -]
[2025-05-17 13:48:26,231: INFO: _internal: 127.0.0.1 - - [17/May/2025 13:48:26] "[33mGET /static/fonts/Nunito/Nunito-Bold.ttf HTTP/1.1[0m" 404 -]
[2025-05-17 13:48:43,571: INFO: _internal: 127.0.0.1 - - [17/May/2025 13:48:43] "POST /predict HTTP/1.1" 200 -]
[2025-05-17 13:53:20,274: INFO: _internal: [31m[1mWARNING: This is a development server. Do not use it in a production deployment. Use a production WSGI server instead.[0m
 * Running on all addresses (0.0.0.0)
 * Running on http://127.0.0.1:8080
 * Running on http://192.168.0.128:8080]
[2025-05-17 13:53:20,275: INFO: _internal: [33mPress CTRL+C to quit[0m]
[2025-05-17 13:53:22,120: INFO: _internal: 127.0.0.1 - - [17/May/2025 13:53:22] "GET / HTTP/1.1" 200 -]
[2025-05-17 13:53:22,285: INFO: _internal: 127.0.0.1 - - [17/May/2025 13:53:22] "[36mGET /static/css2/nunito-font.css HTTP/1.1[0m" 304 -]
[2025-05-17 13:53:22,285: INFO: _internal: 127.0.0.1 - - [17/May/2025 13:53:22] "[36mGET /static/js/scripts.js HTTP/1.1[0m" 304 -]
[2025-05-17 13:53:22,287: INFO: _internal: 127.0.0.1 - - [17/May/2025 13:53:22] "[36mGET /static/css2/style.css HTTP/1.1[0m" 304 -]
[2025-05-17 13:53:22,288: INFO: _internal: 127.0.0.1 - - [17/May/2025 13:53:22] "[36mGET /static/css/styles.css HTTP/1.1[0m" 304 -]
[2025-05-17 13:53:22,302: INFO: _internal: 127.0.0.1 - - [17/May/2025 13:53:22] "[33mGET /static/assets/img/wine.jpg HTTP/1.1[0m" 404 -]
[2025-05-17 13:53:22,303: INFO: _internal: 127.0.0.1 - - [17/May/2025 13:53:22] "[36mGET /static/assets/img/form-v9.jpg HTTP/1.1[0m" 304 -]
[2025-05-17 13:53:22,335: INFO: _internal: 127.0.0.1 - - [17/May/2025 13:53:22] "[33mGET /static/fonts/Nunito/Nunito-Bold.ttf HTTP/1.1[0m" 404 -]
[2025-05-17 13:53:28,061: INFO: _internal: 127.0.0.1 - - [17/May/2025 13:53:28] "GET /train HTTP/1.1" 200 -]
[2025-05-17 13:53:31,062: INFO: main: >>>>>> stage Data Ingestion stage started <<<<<<]
[2025-05-17 13:53:31,066: INFO: common: yaml file: config\config.yaml loaded successfully]
[2025-05-17 13:53:31,067: INFO: common: yaml file: params.yaml loaded successfully]
[2025-05-17 13:53:31,069: INFO: common: yaml file: schema.yaml loaded successfully]
[2025-05-17 13:53:31,069: INFO: common: created directory at: artifacts]
[2025-05-17 13:53:31,069: INFO: common: created directory at: artifacts/data_ingestion]
[2025-05-17 13:53:32,324: INFO: data_ingestion: artifacts/data_ingestion/data.zip download! with following info: 
Connection: close
Content-Length: 23329
Cache-Control: max-age=300
Content-Security-Policy: default-src 'none'; style-src 'unsafe-inline'; sandbox
Content-Type: application/zip
ETag: "c69888a4ae59bc5a893392785a938ccd4937981c06ba8a9d6a21aa52b4ab5b6e"
Strict-Transport-Security: max-age=31536000
X-Content-Type-Options: nosniff
X-Frame-Options: deny
X-XSS-Protection: 1; mode=block
X-GitHub-Request-Id: 82D3:337BF7:493903:5B9ECA:68283BC1
Accept-Ranges: bytes
Date: Sat, 17 May 2025 09:53:32 GMT
Via: 1.1 varnish
X-Served-By: cache-fjr990030-FJR
X-Cache: HIT
X-Cache-Hits: 0
X-Timer: S1747475612.986542,VS0,VE373
Vary: Authorization,Accept-Encoding,Origin
Access-Control-Allow-Origin: *
Cross-Origin-Resource-Policy: cross-origin
X-Fastly-Request-ID: 44e4fe4acda86128d2cae3d0784f3c4a78c41434
Expires: Sat, 17 May 2025 09:58:32 GMT
Source-Age: 0

]
[2025-05-17 13:53:32,328: INFO: main: >>>>>> stage Data Ingestion stage completed <<<<<<

x==========x]
[2025-05-17 13:53:32,328: INFO: main: >>>>>> stage Data Validation stage started <<<<<<]
[2025-05-17 13:53:32,331: INFO: common: yaml file: config\config.yaml loaded successfully]
[2025-05-17 13:53:32,331: INFO: common: yaml file: params.yaml loaded successfully]
[2025-05-17 13:53:32,333: INFO: common: yaml file: schema.yaml loaded successfully]
[2025-05-17 13:53:32,333: INFO: common: created directory at: artifacts]
[2025-05-17 13:53:32,333: INFO: common: created directory at: artifacts/data_validation]
[2025-05-17 13:53:32,348: INFO: main: >>>>>> stage Data Validation stage completed <<<<<<

x==========x]
[2025-05-17 13:53:32,348: INFO: main: >>>>>> stage Data Transformation stage started <<<<<<]
[2025-05-17 13:53:32,351: INFO: common: yaml file: config\config.yaml loaded successfully]
[2025-05-17 13:53:32,352: INFO: common: yaml file: params.yaml loaded successfully]
[2025-05-17 13:53:32,354: INFO: common: yaml file: schema.yaml loaded successfully]
[2025-05-17 13:53:32,354: INFO: common: created directory at: artifacts]
[2025-05-17 13:53:32,354: INFO: common: created directory at: artifacts/data_transformation]
[2025-05-17 13:53:32,375: INFO: data_transformation: Splited data into training and test sets]
[2025-05-17 13:53:32,375: INFO: data_transformation: (1199, 12)]
[2025-05-17 13:53:32,375: INFO: data_transformation: (400, 12)]
[2025-05-17 13:53:32,375: INFO: main: >>>>>> stage Data Transformation stage completed <<<<<<

x==========x]
[2025-05-17 13:53:32,375: INFO: main: >>>>>> stage Model Trainer stage started <<<<<<]
[2025-05-17 13:53:32,378: INFO: common: yaml file: config\config.yaml loaded successfully]
[2025-05-17 13:53:32,378: INFO: common: yaml file: params.yaml loaded successfully]
[2025-05-17 13:53:32,380: INFO: common: yaml file: schema.yaml loaded successfully]
[2025-05-17 13:53:32,380: INFO: common: created directory at: artifacts]
[2025-05-17 13:53:32,380: INFO: common: created directory at: artifacts/model_trainer]
[2025-05-17 13:53:32,391: INFO: main: >>>>>> stage Model Trainer stage completed <<<<<<

x==========x]
[2025-05-17 13:53:32,391: INFO: main: >>>>>> stage Model evaluation stage started <<<<<<]
[2025-05-17 13:53:32,394: INFO: common: yaml file: config\config.yaml loaded successfully]
[2025-05-17 13:53:32,395: INFO: common: yaml file: params.yaml loaded successfully]
[2025-05-17 13:53:32,396: INFO: common: yaml file: schema.yaml loaded successfully]
[2025-05-17 13:53:32,397: INFO: common: created directory at: artifacts]
[2025-05-17 13:53:32,397: INFO: common: created directory at: artifacts/model_evaluation]
[2025-05-17 13:53:32,405: INFO: common: json file saved at: artifacts\model_evaluation\metrics.json]
[2025-05-17 13:53:32,405: INFO: main: >>>>>> stage Model evaluation stage completed <<<<<<

x==========x]
[2025-05-17 13:53:32,526: INFO: _internal: 127.0.0.1 - - [17/May/2025 13:53:32] "GET /train1 HTTP/1.1" 200 -]
[2025-05-17 13:55:27,475: INFO: _internal: [31m[1mWARNING: This is a development server. Do not use it in a production deployment. Use a production WSGI server instead.[0m
 * Running on all addresses (0.0.0.0)
 * Running on http://127.0.0.1:8080
 * Running on http://192.168.0.128:8080]
[2025-05-17 13:55:27,475: INFO: _internal: [33mPress CTRL+C to quit[0m]
[2025-05-17 13:55:32,502: INFO: _internal: 127.0.0.1 - - [17/May/2025 13:55:32] "GET / HTTP/1.1" 200 -]
[2025-05-17 13:55:32,659: INFO: _internal: 127.0.0.1 - - [17/May/2025 13:55:32] "[36mGET /static/css/styles.css HTTP/1.1[0m" 304 -]
[2025-05-17 13:55:32,666: INFO: _internal: 127.0.0.1 - - [17/May/2025 13:55:32] "[36mGET /static/css2/nunito-font.css HTTP/1.1[0m" 304 -]
[2025-05-17 13:55:32,668: INFO: _internal: 127.0.0.1 - - [17/May/2025 13:55:32] "[36mGET /static/js/scripts.js HTTP/1.1[0m" 304 -]
[2025-05-17 13:55:32,669: INFO: _internal: 127.0.0.1 - - [17/May/2025 13:55:32] "[36mGET /static/css2/style.css HTTP/1.1[0m" 304 -]
[2025-05-17 13:55:32,672: INFO: _internal: 127.0.0.1 - - [17/May/2025 13:55:32] "[33mGET /static/assets/img/wine.jpg HTTP/1.1[0m" 404 -]
[2025-05-17 13:55:32,702: INFO: _internal: 127.0.0.1 - - [17/May/2025 13:55:32] "[36mGET /static/assets/img/form-v9.jpg HTTP/1.1[0m" 304 -]
[2025-05-17 13:55:32,721: INFO: _internal: 127.0.0.1 - - [17/May/2025 13:55:32] "[33mGET /static/fonts/Nunito/Nunito-Bold.ttf HTTP/1.1[0m" 404 -]
[2025-05-17 13:55:42,094: INFO: _internal: 127.0.0.1 - - [17/May/2025 13:55:42] "[33mGET /train HTTP/1.1[0m" 404 -]
[2025-05-17 13:55:43,314: INFO: _internal: 127.0.0.1 - - [17/May/2025 13:55:43] "[33mGET /train HTTP/1.1[0m" 404 -]
[2025-05-17 13:56:00,290: INFO: _internal: [31m[1mWARNING: This is a development server. Do not use it in a production deployment. Use a production WSGI server instead.[0m
 * Running on all addresses (0.0.0.0)
 * Running on http://127.0.0.1:8080
 * Running on http://192.168.0.128:8080]
[2025-05-17 13:56:00,291: INFO: _internal: [33mPress CTRL+C to quit[0m]
[2025-05-17 13:56:05,231: ERROR: app: Exception on /train [GET]]
Traceback (most recent call last):
  File "E:\Aneesha\Gen AI\SourceCode\End_To_End_ML_Project\.venv\lib\site-packages\flask\app.py", line 1511, in wsgi_app
    response = self.full_dispatch_request()
  File "E:\Aneesha\Gen AI\SourceCode\End_To_End_ML_Project\.venv\lib\site-packages\flask\app.py", line 919, in full_dispatch_request
    rv = self.handle_user_exception(e)
  File "E:\Aneesha\Gen AI\SourceCode\End_To_End_ML_Project\.venv\lib\site-packages\flask\app.py", line 917, in full_dispatch_request
    rv = self.dispatch_request()
  File "E:\Aneesha\Gen AI\SourceCode\End_To_End_ML_Project\.venv\lib\site-packages\flask\app.py", line 902, in dispatch_request
    return self.ensure_sync(self.view_functions[rule.endpoint])(**view_args)  # type: ignore[no-any-return]
  File "E:\Aneesha\Gen AI\SourceCode\End_To_End_ML_Project\app.py", line 18, in trainings
    result = subprocess.run(
NameError: name 'subprocess' is not defined
[2025-05-17 13:56:05,233: INFO: _internal: 127.0.0.1 - - [17/May/2025 13:56:05] "[35m[1mGET /train HTTP/1.1[0m" 500 -]
[2025-05-17 13:56:34,734: INFO: _internal: [31m[1mWARNING: This is a development server. Do not use it in a production deployment. Use a production WSGI server instead.[0m
 * Running on all addresses (0.0.0.0)
 * Running on http://127.0.0.1:8080
 * Running on http://192.168.0.128:8080]
[2025-05-17 13:56:34,734: INFO: _internal: [33mPress CTRL+C to quit[0m]
[2025-05-17 13:56:38,574: INFO: main: >>>>>> stage Data Ingestion stage started <<<<<<]
[2025-05-17 13:56:38,577: INFO: common: yaml file: config\config.yaml loaded successfully]
[2025-05-17 13:56:38,577: INFO: common: yaml file: params.yaml loaded successfully]
[2025-05-17 13:56:38,579: INFO: common: yaml file: schema.yaml loaded successfully]
[2025-05-17 13:56:38,580: INFO: common: created directory at: artifacts]
[2025-05-17 13:56:38,580: INFO: common: created directory at: artifacts/data_ingestion]
[2025-05-17 13:56:39,331: INFO: data_ingestion: artifacts/data_ingestion/data.zip download! with following info: 
Connection: close
Content-Length: 23329
Cache-Control: max-age=300
Content-Security-Policy: default-src 'none'; style-src 'unsafe-inline'; sandbox
Content-Type: application/zip
ETag: "c69888a4ae59bc5a893392785a938ccd4937981c06ba8a9d6a21aa52b4ab5b6e"
Strict-Transport-Security: max-age=31536000
X-Content-Type-Options: nosniff
X-Frame-Options: deny
X-XSS-Protection: 1; mode=block
X-GitHub-Request-Id: 82D3:337BF7:493903:5B9ECA:68283BC1
Accept-Ranges: bytes
Date: Sat, 17 May 2025 09:56:39 GMT
Via: 1.1 varnish
X-Served-By: cache-fjr990025-FJR
X-Cache: HIT
X-Cache-Hits: 0
X-Timer: S1747475799.367003,VS0,VE1
Vary: Authorization,Accept-Encoding,Origin
Access-Control-Allow-Origin: *
Cross-Origin-Resource-Policy: cross-origin
X-Fastly-Request-ID: db0d36122c65d2d6bcfc48c0c1bb7975e878451c
Expires: Sat, 17 May 2025 10:01:39 GMT
Source-Age: 187

]
[2025-05-17 13:56:39,334: INFO: main: >>>>>> stage Data Ingestion stage completed <<<<<<

x==========x]
[2025-05-17 13:56:39,334: INFO: main: >>>>>> stage Data Validation stage started <<<<<<]
[2025-05-17 13:56:39,337: INFO: common: yaml file: config\config.yaml loaded successfully]
[2025-05-17 13:56:39,337: INFO: common: yaml file: params.yaml loaded successfully]
[2025-05-17 13:56:39,339: INFO: common: yaml file: schema.yaml loaded successfully]
[2025-05-17 13:56:39,339: INFO: common: created directory at: artifacts]
[2025-05-17 13:56:39,340: INFO: common: created directory at: artifacts/data_validation]
[2025-05-17 13:56:39,354: INFO: main: >>>>>> stage Data Validation stage completed <<<<<<

x==========x]
[2025-05-17 13:56:39,354: INFO: main: >>>>>> stage Data Transformation stage started <<<<<<]
[2025-05-17 13:56:39,357: INFO: common: yaml file: config\config.yaml loaded successfully]
[2025-05-17 13:56:39,358: INFO: common: yaml file: params.yaml loaded successfully]
[2025-05-17 13:56:39,360: INFO: common: yaml file: schema.yaml loaded successfully]
[2025-05-17 13:56:39,360: INFO: common: created directory at: artifacts]
[2025-05-17 13:56:39,361: INFO: common: created directory at: artifacts/data_transformation]
[2025-05-17 13:56:39,380: INFO: data_transformation: Splited data into training and test sets]
[2025-05-17 13:56:39,380: INFO: data_transformation: (1199, 12)]
[2025-05-17 13:56:39,380: INFO: data_transformation: (400, 12)]
[2025-05-17 13:56:39,380: INFO: main: >>>>>> stage Data Transformation stage completed <<<<<<

x==========x]
[2025-05-17 13:56:39,380: INFO: main: >>>>>> stage Model Trainer stage started <<<<<<]
[2025-05-17 13:56:39,383: INFO: common: yaml file: config\config.yaml loaded successfully]
[2025-05-17 13:56:39,383: INFO: common: yaml file: params.yaml loaded successfully]
[2025-05-17 13:56:39,385: INFO: common: yaml file: schema.yaml loaded successfully]
[2025-05-17 13:56:39,386: INFO: common: created directory at: artifacts]
[2025-05-17 13:56:39,386: INFO: common: created directory at: artifacts/model_trainer]
[2025-05-17 13:56:39,396: INFO: main: >>>>>> stage Model Trainer stage completed <<<<<<

x==========x]
[2025-05-17 13:56:39,396: INFO: main: >>>>>> stage Model evaluation stage started <<<<<<]
[2025-05-17 13:56:39,398: INFO: common: yaml file: config\config.yaml loaded successfully]
[2025-05-17 13:56:39,399: INFO: common: yaml file: params.yaml loaded successfully]
[2025-05-17 13:56:39,401: INFO: common: yaml file: schema.yaml loaded successfully]
[2025-05-17 13:56:39,401: INFO: common: created directory at: artifacts]
[2025-05-17 13:56:39,402: INFO: common: created directory at: artifacts/model_evaluation]
[2025-05-17 13:56:39,409: INFO: common: json file saved at: artifacts\model_evaluation\metrics.json]
[2025-05-17 13:56:39,409: INFO: main: >>>>>> stage Model evaluation stage completed <<<<<<

x==========x]
[2025-05-17 13:56:39,512: INFO: _internal: 127.0.0.1 - - [17/May/2025 13:56:39] "GET /train HTTP/1.1" 200 -]
[2025-05-17 13:56:39,538: INFO: _internal: 127.0.0.1 - - [17/May/2025 13:56:39] "[33mGET /favicon.ico HTTP/1.1[0m" 404 -]
[2025-05-17 13:56:50,553: INFO: _internal: 127.0.0.1 - - [17/May/2025 13:56:50] "GET / HTTP/1.1" 200 -]
[2025-05-17 13:56:50,692: INFO: _internal: 127.0.0.1 - - [17/May/2025 13:56:50] "[36mGET /static/css2/style.css HTTP/1.1[0m" 304 -]
[2025-05-17 13:56:50,693: INFO: _internal: 127.0.0.1 - - [17/May/2025 13:56:50] "[36mGET /static/css/styles.css HTTP/1.1[0m" 304 -]
[2025-05-17 13:56:50,695: INFO: _internal: 127.0.0.1 - - [17/May/2025 13:56:50] "[36mGET /static/css2/nunito-font.css HTTP/1.1[0m" 304 -]
[2025-05-17 13:56:50,695: INFO: _internal: 127.0.0.1 - - [17/May/2025 13:56:50] "[36mGET /static/js/scripts.js HTTP/1.1[0m" 304 -]
[2025-05-17 13:56:50,701: INFO: _internal: 127.0.0.1 - - [17/May/2025 13:56:50] "[33mGET /static/assets/img/wine.jpg HTTP/1.1[0m" 404 -]
[2025-05-17 13:56:50,707: INFO: _internal: 127.0.0.1 - - [17/May/2025 13:56:50] "[36mGET /static/assets/img/form-v9.jpg HTTP/1.1[0m" 304 -]
[2025-05-17 13:56:50,712: INFO: _internal: 127.0.0.1 - - [17/May/2025 13:56:50] "[33mGET /static/fonts/Nunito/Nunito-Bold.ttf HTTP/1.1[0m" 404 -]
[2025-05-17 13:57:05,875: INFO: _internal: 127.0.0.1 - - [17/May/2025 13:57:05] "POST /predict HTTP/1.1" 200 -]
[2025-05-17 13:57:05,887: INFO: _internal: 127.0.0.1 - - [17/May/2025 13:57:05] "[36mGET /static/css/styles.css HTTP/1.1[0m" 304 -]
[2025-05-17 13:57:05,891: INFO: _internal: 127.0.0.1 - - [17/May/2025 13:57:05] "[36mGET /static/js/scripts.js HTTP/1.1[0m" 304 -]
[2025-05-17 13:57:05,906: INFO: _internal: 127.0.0.1 - - [17/May/2025 13:57:05] "[33mGET /static/assets/img/wine.gif HTTP/1.1[0m" 404 -]
[2025-05-17 13:59:10,167: INFO: _internal: [31m[1mWARNING: This is a development server. Do not use it in a production deployment. Use a production WSGI server instead.[0m
 * Running on all addresses (0.0.0.0)
 * Running on http://127.0.0.1:8080
 * Running on http://192.168.0.128:8080]
[2025-05-17 13:59:10,168: INFO: _internal: [33mPress CTRL+C to quit[0m]
[2025-05-17 13:59:12,044: INFO: _internal: 127.0.0.1 - - [17/May/2025 13:59:12] "GET / HTTP/1.1" 200 -]
[2025-05-17 13:59:12,081: INFO: _internal: 127.0.0.1 - - [17/May/2025 13:59:12] "[33mGET /static/assets/img/wine.jpg HTTP/1.1[0m" 404 -]
[2025-05-17 13:59:12,177: INFO: _internal: 127.0.0.1 - - [17/May/2025 13:59:12] "[36mGET /static/css/styles.css HTTP/1.1[0m" 304 -]
[2025-05-17 13:59:12,188: INFO: _internal: 127.0.0.1 - - [17/May/2025 13:59:12] "[36mGET /static/css2/style.css HTTP/1.1[0m" 304 -]
[2025-05-17 13:59:12,189: INFO: _internal: 127.0.0.1 - - [17/May/2025 13:59:12] "[36mGET /static/js/scripts.js HTTP/1.1[0m" 304 -]
[2025-05-17 13:59:12,190: INFO: _internal: 127.0.0.1 - - [17/May/2025 13:59:12] "[36mGET /static/css2/nunito-font.css HTTP/1.1[0m" 304 -]
[2025-05-17 13:59:12,372: INFO: _internal: 127.0.0.1 - - [17/May/2025 13:59:12] "[36mGET /static/assets/img/form-v9.jpg HTTP/1.1[0m" 304 -]
[2025-05-17 13:59:12,376: INFO: _internal: 127.0.0.1 - - [17/May/2025 13:59:12] "[33mGET /static/fonts/Nunito/Nunito-Bold.ttf HTTP/1.1[0m" 404 -]
[2025-05-17 13:59:12,392: INFO: _internal: 127.0.0.1 - - [17/May/2025 13:59:12] "GET /static/assets/favicon.ico HTTP/1.1" 200 -]
[2025-05-17 21:48:50,923: INFO: _internal: [31m[1mWARNING: This is a development server. Do not use it in a production deployment. Use a production WSGI server instead.[0m
 * Running on all addresses (0.0.0.0)
 * Running on http://127.0.0.1:8080
 * Running on http://192.168.0.128:8080]
[2025-05-17 21:48:50,939: INFO: _internal: [33mPress CTRL+C to quit[0m]
[2025-05-17 21:48:54,024: INFO: _internal: 127.0.0.1 - - [17/May/2025 21:48:54] "GET / HTTP/1.1" 200 -]
[2025-05-17 21:48:54,203: INFO: _internal: 127.0.0.1 - - [17/May/2025 21:48:54] "[36mGET /static/css2/nunito-font.css HTTP/1.1[0m" 304 -]
[2025-05-17 21:48:54,204: INFO: _internal: 127.0.0.1 - - [17/May/2025 21:48:54] "[36mGET /static/css/styles.css HTTP/1.1[0m" 304 -]
[2025-05-17 21:48:54,205: INFO: _internal: 127.0.0.1 - - [17/May/2025 21:48:54] "[36mGET /static/js/scripts.js HTTP/1.1[0m" 304 -]
[2025-05-17 21:48:54,206: INFO: _internal: 127.0.0.1 - - [17/May/2025 21:48:54] "[36mGET /static/css2/style.css HTTP/1.1[0m" 304 -]
[2025-05-17 21:48:54,221: INFO: _internal: 127.0.0.1 - - [17/May/2025 21:48:54] "[33mGET /static/assets/img/wine.jpg HTTP/1.1[0m" 404 -]
[2025-05-17 21:48:54,223: INFO: _internal: 127.0.0.1 - - [17/May/2025 21:48:54] "[36mGET /static/assets/img/form-v9.jpg HTTP/1.1[0m" 304 -]
[2025-05-17 21:48:54,253: INFO: _internal: 127.0.0.1 - - [17/May/2025 21:48:54] "[33mGET /static/fonts/Nunito/Nunito-Bold.ttf HTTP/1.1[0m" 404 -]
[2025-05-17 21:49:19,855: INFO: _internal: 127.0.0.1 - - [17/May/2025 21:49:19] "POST /predict HTTP/1.1" 200 -]
[2025-05-17 21:49:19,871: INFO: _internal: 127.0.0.1 - - [17/May/2025 21:49:19] "[36mGET /static/css/styles.css HTTP/1.1[0m" 304 -]
[2025-05-17 21:49:19,877: INFO: _internal: 127.0.0.1 - - [17/May/2025 21:49:19] "[36mGET /static/js/scripts.js HTTP/1.1[0m" 304 -]
[2025-05-17 21:49:19,887: INFO: _internal: 127.0.0.1 - - [17/May/2025 21:49:19] "[33mGET /static/assets/img/wine.gif HTTP/1.1[0m" 404 -]
[2025-05-17 21:49:59,958: INFO: _internal: 127.0.0.1 - - [17/May/2025 21:49:59] "GET / HTTP/1.1" 200 -]
[2025-05-17 21:49:59,975: INFO: _internal: 127.0.0.1 - - [17/May/2025 21:49:59] "[36mGET /static/css/styles.css HTTP/1.1[0m" 304 -]
[2025-05-17 21:49:59,981: INFO: _internal: 127.0.0.1 - - [17/May/2025 21:49:59] "[36mGET /static/css2/nunito-font.css HTTP/1.1[0m" 304 -]
[2025-05-17 21:49:59,982: INFO: _internal: 127.0.0.1 - - [17/May/2025 21:49:59] "[36mGET /static/css2/style.css HTTP/1.1[0m" 304 -]
[2025-05-17 21:49:59,983: INFO: _internal: 127.0.0.1 - - [17/May/2025 21:49:59] "[36mGET /static/js/scripts.js HTTP/1.1[0m" 304 -]
[2025-05-17 21:49:59,994: INFO: _internal: 127.0.0.1 - - [17/May/2025 21:49:59] "[33mGET /static/assets/img/wine.jpg HTTP/1.1[0m" 404 -]
[2025-05-17 21:50:00,002: INFO: _internal: 127.0.0.1 - - [17/May/2025 21:50:00] "[36mGET /static/assets/img/form-v9.jpg HTTP/1.1[0m" 304 -]
[2025-05-17 21:50:00,012: INFO: _internal: 127.0.0.1 - - [17/May/2025 21:50:00] "[33mGET /static/fonts/Nunito/Nunito-Bold.ttf HTTP/1.1[0m" 404 -]
[2025-05-17 21:50:09,282: INFO: _internal: 127.0.0.1 - - [17/May/2025 21:50:09] "GET / HTTP/1.1" 200 -]
[2025-05-17 21:50:09,317: INFO: _internal: 127.0.0.1 - - [17/May/2025 21:50:09] "GET /static/css/styles.css HTTP/1.1" 200 -]
[2025-05-17 21:50:09,323: INFO: _internal: 127.0.0.1 - - [17/May/2025 21:50:09] "GET /static/css2/nunito-font.css HTTP/1.1" 200 -]
[2025-05-17 21:50:09,342: INFO: _internal: 127.0.0.1 - - [17/May/2025 21:50:09] "GET /static/js/scripts.js HTTP/1.1" 200 -]
[2025-05-17 21:50:09,342: INFO: _internal: 127.0.0.1 - - [17/May/2025 21:50:09] "GET /static/css2/style.css HTTP/1.1" 200 -]
[2025-05-17 21:50:11,225: INFO: _internal: 127.0.0.1 - - [17/May/2025 21:50:11] "[33mGET /static/assets/img/wine.jpg HTTP/1.1[0m" 404 -]
[2025-05-17 21:50:11,226: INFO: _internal: 127.0.0.1 - - [17/May/2025 21:50:11] "[33mGET /static/fonts/Nunito/Nunito-Bold.ttf HTTP/1.1[0m" 404 -]
[2025-05-17 21:50:11,249: INFO: _internal: 127.0.0.1 - - [17/May/2025 21:50:11] "GET /static/assets/img/form-v9.jpg HTTP/1.1" 200 -]
[2025-05-17 21:50:11,363: INFO: _internal: 127.0.0.1 - - [17/May/2025 21:50:11] "GET /static/assets/favicon.ico HTTP/1.1" 200 -]
[2025-05-17 21:50:19,563: INFO: _internal: 127.0.0.1 - - [17/May/2025 21:50:19] "GET / HTTP/1.1" 200 -]
[2025-05-17 21:50:19,582: INFO: _internal: 127.0.0.1 - - [17/May/2025 21:50:19] "GET /static/css/styles.css HTTP/1.1" 200 -]
[2025-05-17 21:50:19,583: INFO: _internal: 127.0.0.1 - - [17/May/2025 21:50:19] "GET /static/css2/nunito-font.css HTTP/1.1" 200 -]
[2025-05-17 21:50:19,584: INFO: _internal: 127.0.0.1 - - [17/May/2025 21:50:19] "GET /static/css2/style.css HTTP/1.1" 200 -]
[2025-05-17 21:50:19,584: INFO: _internal: 127.0.0.1 - - [17/May/2025 21:50:19] "GET /static/js/scripts.js HTTP/1.1" 200 -]
[2025-05-17 21:50:19,996: INFO: _internal: 127.0.0.1 - - [17/May/2025 21:50:19] "[33mGET /static/assets/img/wine.jpg HTTP/1.1[0m" 404 -]
[2025-05-17 21:50:19,997: INFO: _internal: 127.0.0.1 - - [17/May/2025 21:50:19] "[33mGET /static/fonts/Nunito/Nunito-Bold.ttf HTTP/1.1[0m" 404 -]
[2025-05-17 21:50:19,998: INFO: _internal: 127.0.0.1 - - [17/May/2025 21:50:19] "GET /static/assets/img/form-v9.jpg HTTP/1.1" 200 -]
[2025-05-17 21:50:20,037: INFO: _internal: 127.0.0.1 - - [17/May/2025 21:50:20] "GET /static/assets/favicon.ico HTTP/1.1" 200 -]
[2025-05-17 21:50:27,559: INFO: _internal: [31m[1mWARNING: This is a development server. Do not use it in a production deployment. Use a production WSGI server instead.[0m
 * Running on all addresses (0.0.0.0)
 * Running on http://127.0.0.1:8080
 * Running on http://192.168.0.128:8080]
[2025-05-17 21:50:27,560: INFO: _internal: [33mPress CTRL+C to quit[0m]
[2025-05-17 21:50:32,815: INFO: _internal: 127.0.0.1 - - [17/May/2025 21:50:32] "GET / HTTP/1.1" 200 -]
[2025-05-17 21:50:32,979: INFO: _internal: 127.0.0.1 - - [17/May/2025 21:50:32] "GET /static/css2/style.css HTTP/1.1" 200 -]
[2025-05-17 21:50:32,980: INFO: _internal: 127.0.0.1 - - [17/May/2025 21:50:32] "GET /static/css2/nunito-font.css HTTP/1.1" 200 -]
[2025-05-17 21:50:32,983: INFO: _internal: 127.0.0.1 - - [17/May/2025 21:50:32] "GET /static/js/scripts.js HTTP/1.1" 200 -]
[2025-05-17 21:50:32,984: INFO: _internal: 127.0.0.1 - - [17/May/2025 21:50:32] "GET /static/css/styles.css HTTP/1.1" 200 -]
[2025-05-17 21:50:33,232: INFO: _internal: 127.0.0.1 - - [17/May/2025 21:50:33] "[33mGET /static/assets/img/wine.jpg HTTP/1.1[0m" 404 -]
[2025-05-17 21:50:33,234: INFO: _internal: 127.0.0.1 - - [17/May/2025 21:50:33] "[33mGET /static/fonts/Nunito/Nunito-Bold.ttf HTTP/1.1[0m" 404 -]
[2025-05-17 21:50:33,236: INFO: _internal: 127.0.0.1 - - [17/May/2025 21:50:33] "GET /static/assets/img/form-v9.jpg HTTP/1.1" 200 -]
[2025-05-17 21:50:33,273: INFO: _internal: 127.0.0.1 - - [17/May/2025 21:50:33] "GET /static/assets/favicon.ico HTTP/1.1" 200 -]
[2025-05-17 21:50:35,679: INFO: _internal: 127.0.0.1 - - [17/May/2025 21:50:35] "GET / HTTP/1.1" 200 -]
[2025-05-17 21:50:35,696: INFO: _internal: 127.0.0.1 - - [17/May/2025 21:50:35] "[36mGET /static/css/styles.css HTTP/1.1[0m" 304 -]
[2025-05-17 21:50:35,699: INFO: _internal: 127.0.0.1 - - [17/May/2025 21:50:35] "[36mGET /static/css2/nunito-font.css HTTP/1.1[0m" 304 -]
[2025-05-17 21:50:35,700: INFO: _internal: 127.0.0.1 - - [17/May/2025 21:50:35] "[36mGET /static/css2/style.css HTTP/1.1[0m" 304 -]
[2025-05-17 21:50:35,701: INFO: _internal: 127.0.0.1 - - [17/May/2025 21:50:35] "[36mGET /static/js/scripts.js HTTP/1.1[0m" 304 -]
[2025-05-17 21:50:35,720: INFO: _internal: 127.0.0.1 - - [17/May/2025 21:50:35] "[33mGET /static/assets/img/wine.jpg HTTP/1.1[0m" 404 -]
[2025-05-17 21:50:35,721: INFO: _internal: 127.0.0.1 - - [17/May/2025 21:50:35] "[36mGET /static/assets/img/form-v9.jpg HTTP/1.1[0m" 304 -]
[2025-05-17 21:50:35,723: INFO: _internal: 127.0.0.1 - - [17/May/2025 21:50:35] "[33mGET /static/fonts/Nunito/Nunito-Bold.ttf HTTP/1.1[0m" 404 -]
[2025-05-17 21:58:03,843: INFO: _internal: [31m[1mWARNING: This is a development server. Do not use it in a production deployment. Use a production WSGI server instead.[0m
 * Running on all addresses (0.0.0.0)
 * Running on http://127.0.0.1:8080
 * Running on http://192.168.0.128:8080]
[2025-05-17 21:58:03,843: INFO: _internal: [33mPress CTRL+C to quit[0m]
[2025-05-17 21:58:05,189: INFO: _internal: 127.0.0.1 - - [17/May/2025 21:58:05] "GET / HTTP/1.1" 200 -]
[2025-05-17 21:58:05,355: INFO: _internal: 127.0.0.1 - - [17/May/2025 21:58:05] "[36mGET /static/css/styles.css HTTP/1.1[0m" 304 -]
[2025-05-17 21:58:05,362: INFO: _internal: 127.0.0.1 - - [17/May/2025 21:58:05] "[36mGET /static/css2/style.css HTTP/1.1[0m" 304 -]
[2025-05-17 21:58:05,366: INFO: _internal: 127.0.0.1 - - [17/May/2025 21:58:05] "[36mGET /static/js/scripts.js HTTP/1.1[0m" 304 -]
[2025-05-17 21:58:05,367: INFO: _internal: 127.0.0.1 - - [17/May/2025 21:58:05] "[36mGET /static/css2/nunito-font.css HTTP/1.1[0m" 304 -]
[2025-05-17 21:58:05,369: INFO: _internal: 127.0.0.1 - - [17/May/2025 21:58:05] "[33mGET /static/assets/img/wine.jpg HTTP/1.1[0m" 404 -]
[2025-05-17 21:58:05,390: INFO: _internal: 127.0.0.1 - - [17/May/2025 21:58:05] "[36mGET /static/assets/img/form-v9.jpg HTTP/1.1[0m" 304 -]
[2025-05-17 21:58:05,409: INFO: _internal: 127.0.0.1 - - [17/May/2025 21:58:05] "[33mGET /static/fonts/Nunito/Nunito-Bold.ttf HTTP/1.1[0m" 404 -]
[2025-05-17 21:58:05,429: INFO: _internal: 127.0.0.1 - - [17/May/2025 21:58:05] "GET /static/assets/favicon.ico HTTP/1.1" 200 -]
[2025-05-17 22:01:15,301: INFO: _internal: 127.0.0.1 - - [17/May/2025 22:01:15] "POST /predict HTTP/1.1" 200 -]
[2025-05-17 22:01:15,314: INFO: _internal: 127.0.0.1 - - [17/May/2025 22:01:15] "[36mGET /static/css/styles.css HTTP/1.1[0m" 304 -]
[2025-05-17 22:01:15,322: INFO: _internal: 127.0.0.1 - - [17/May/2025 22:01:15] "[36mGET /static/js/scripts.js HTTP/1.1[0m" 304 -]
[2025-05-17 22:01:15,343: INFO: _internal: 127.0.0.1 - - [17/May/2025 22:01:15] "[33mGET /static/assets/img/wine.gif HTTP/1.1[0m" 404 -]
